ahlahfid@c3r10p3:~/Desktop/to_push$ .
bash: .: filename argument required
.: usage: . filename [arguments]
ahlahfid@c3r10p3:~/Desktop/to_push$ ..
..: command not found
ahlahfid@c3r10p3:~/Desktop/to_push$ ../
bash: ../: Is a directory
ahlahfid@c3r10p3:~/Desktop/to_push$ /bin/ls
ft_printf  includes  libft  Makefile  minishell  readline.supp  src
ahlahfid@c3r10p3:~/Desktop/to_push$ /bin
bash: /bin: Is a directory
ahlahfid@c3r10p3:~/Desktop/to_push$ echo $?
126
ahlahfid@c3r10p3:~/Desktop/to_push$ libft/
bash: libft/: Is a directory
ahlahfid@c3r10p3:~/Desktop/to_push$ echo $?
126
ahlahfid@c3r10p3:~/Desktop/to_push$ ./
ft_printf/ .git/      includes/  libft/     minishell  src/       .vscode/
ahlahfid@c3r10p3:~/Desktop/to_push$ ./
ft_printf/ .git/      includes/  libft/     minishell  src/       .vscode/
ahlahfid@c3r10p3:~/Desktop/to_push$
exit
➜  to_push git:(main) ✗ ./minishell
minishell$ ls &&
ls: cannot access '&&': No such file or directory
minishell$ ls (
ls: cannot access '(': No such file or directory
minishell$ ls ;
ls: cannot access ';': No such file or directory
minishell$ ls (
ls: cannot access '(': No such file or directory
minishell$ ls &&
ls: cannot access '&&': No such file or directory
minishell$ ;
minishell : Command not found :;
minishell$ "
minishell: unexpected EOF while looking for matching `"'
minishell$ << $A
> ASD
> ASD
> DSA
> SD
> ^C
minishell$ cat << $a
> sadsad
> das
> sda
> $HOME
> ""
>
minishell: warning: heredoc delimited by end-of-file (wanted `$a')
sadsad
das
sda
/home/ahlahfid
""
minishell$ cat << $a""
> $HOME
> ^C
minishell$ cat << $a""
> $HOME
> asdsad
>
> sd
>
minishell: warning: heredoc delimited by end-of-file (wanted `$a')
/home/ahlahfid
asdsad

sd
minishell$ bash
ahlahfid@c3r10p3:~/Desktop/to_push$ cat << $a""
> $HOME
> asd
> s
>
bash: warning: here-document at line 1 delimited by end-of-file (wanted `$a')
$HOME
asd
s
ahlahfid@c3r10p3:~/Desktop/to_push$ cat << $a
$HOME
asd
s
> sad
> sad
> $HOME
>
bash: warning: here-document at line 5 delimited by end-of-file (wanted `$a')
/home/ahlahfid
asd
s

sad
sad
/home/ahlahfid
ahlahfid@c3r10p3:~/Desktop/to_push$ cat << $"a"
$HOME
asd
s

sad
sad
$HOME
> $HOME
>
bash: warning: here-document at line 13 delimited by end-of-file (wanted `a')
$HOME
ahlahfid@c3r10p3:~/Desktop/to_push$ ls
ft_printf  includes  libft  Makefile  minishell  readline.supp  src
ahlahfid@c3r10p3:~/Desktop/to_push$ cat << "$"a
> $HOME
>
bash: warning: here-document at line 25 delimited by end-of-file (wanted `$a')
$HOME
minishell$ ls
ft_printf  includes  libft  Makefile  minishell  readline.supp  src
minishell$ cd ...
minishell: cd: No such file or directory
minishell$ cd ..
minishell$ ls
backup  exam  mini_v3  mini_v4  mini_v5  phigatrron  phil  philo  to_push
minishell$ sslsls
minishell : Command not found :sslsls
minishell$ ls
backup  exam  mini_v3  mini_v4  mini_v5  phigatrron  phil  philo  to_push
minishell$ ls
backup  exam  mini_v3  mini_v4  mini_v5  phigatrron  phil  philo  to_push
minishell$ ls
minishell$ lsls
minishell : Command not found :lsls
minishell$ export a=amine | echo $a

minishell$ export a=amine | echo $HOME
/home/ahlahfid
minishell$ export a="ls    -l"
minishell$ $a
minishell : Command not found :ls    -l
minishell$ "$a"
minishell : Command not found :ls    -l
minishell$ export a="ls    ^C"
minishell$ export a="'"
minishell$ $als$a
minishell : Command not found :'
minishell$ echo $als$a
'
minishell$ echo $a
'
minishell$ echo $a
'
minishell$ export a="'"
minishell$ echo $a
'
minishell$ echo $a"ls"$a
'�ls�'
minishell$ echo $a"ls"$a
'�ls�'
minishell$ echo ls$a$a
ls''
minishell$ ls$a$a
minishell : Command not found :ls''
minishell$ 
